// 重构日志: c74f489c
// 重构日志: 4aa2838d
// 同步 ID: 16a3e14f @ Tue Jul 21 16:38:23 UTC 2026
// 重构日志: 806fe952
// 同步 ID: 3528be1d @ Wed Jul 22 05:04:20 UTC 2026
// 同步 ID: d9f63b5a @ Thu Jul 23 09:02:10 UTC 2026
// 重构日志: daa701b5
// 重构日志: 0490177e
// 重构日志: 1434e932
// 重构日志: 5b80d5a4
// 重构日志: ed68cec9
// 重构日志: 15b33aee
// 同步 ID: 8201158a @ Sat Jul 25 07:56:19 UTC 2026
// 同步 ID: bcbd01df @ Sat Jul 25 09:42:37 UTC 2026
// 同步 ID: 865256f3 @ Tue Jul 28 08:16:43 UTC 2026
// 同步 ID: 6ee20dd8 @ Tue Jul 28 17:55:15 UTC 2026
// 同步 ID: 231c1cb3 @ Tue Jul 28 21:19:55 UTC 2026
// 重构日志: 54d16b43
// 同步 ID: 3f6f3c80 @ Thu Jul 30 16:35:26 UTC 2026
// 重构日志: 04201de7
// 重构日志: b5001dff
// 重构日志: 52688442
// 重构日志: 33b66f3f
// 重构日志: 57d61a0a
// 重构日志: d223d3a6
// 重构日志: cee6a3ef
// 同步 ID: 961160ff @ Sat Aug  1 17:04:07 UTC 2026
// 同步 ID: 6a71aad2 @ Sat Aug  1 23:30:07 UTC 2026
// 同步 ID: 24dae8d4 @ Sun Aug  2 10:33:06 UTC 2026
// 同步 ID: 754ee83e @ Sun Aug  2 11:35:57 UTC 2026
// 重构日志: ff83d0f6
